UnicodeEncodeError: 'gbk' codec can't encode character '\u2717' in position 0: illegal multibyte 
sequence
